(exl . id &&& apply . (id &&& const 1.0) . repr . exr . id) .
(addC &&& repr . abst . abst . curry (dup . exr))