digraph cos_2x_gradr {
  margin=0
  compound=true
  rankdir=LR
  node [shape=Mrecord]
  edge [fontsize=8,fontcolor=indigo]
  bgcolor=transparent
  nslimit=20
  c0 [label="{In|{<Out0>}}"]
  c1 [label="{2.0|{<Out0>}}"]
  c322 [label="{{<In0>|<In1>}|\×|{<Out0>}}"]
  c523 [label="{{<In0>}|cos|{<Out0>}}"]
  c524 [label="{{<In0>}|sin|{<Out0>}}"]
  c687 [label="{{<In0>|<In1>}|\×|{<Out0>}}"]
  c688 [label="{{<In0>}|negate|{<Out0>}}"]
  c690 [label="{{<In0>|<In1>}|Out}"]
  c0:Out0 -> c322:In0 [label="Double"]
  c1:Out0 -> c322:In1 [label="Double"]
  c322:Out0 -> c523:In0 [label="Double"]
  c322:Out0 -> c524:In0 [label="Double"]
  c1:Out0 -> c687:In0 [label="Double"]
  c524:Out0 -> c687:In1 [label="Double"]
  c687:Out0 -> c688:In0 [label="Double"]
  c523:Out0 -> c690:In0 [label="Double"]
  c688:Out0 -> c690:In1 [label="Double"]
}
