digraph cos_adfl {
  margin=0
  compound=true
  rankdir=LR
  node [shape=Mrecord]
  edge [fontsize=8,fontcolor=indigo]
  bgcolor=transparent
  nslimit=20
  subgraph clusterc0 { label=""; color=white; margin=0; c0 [label="{In|{<Out0>}}"] }
  subgraph clusterc14 { label=""; color=white; margin=0; c14 [label="{{<In0>}|cos|{<Out0>}}"] }
  subgraph clusterc15 { label=""; color=white; margin=0; c15 [label="{{<In0>}|sin|{<Out0>}}"] }
  subgraph cluster_24 {
    margin=8
    fontsize=20
    labeljust=r
    color=DarkGreen
    c21 [label="{{<In0>|<In1>}|\×|{<Out0>}}"]
    c20 [label="{In|{<Out0>}}"]
    c23 [label="{{<In0>}|Out}"]
    c22 [label="{{<In0>}|negate|{<Out0>}}"]
    c15:Out0 -> c21:In0 [label="Double"]
    c20:Out0 -> c21:In1 [label="Double"]
    c22:Out0 -> c23:In0 [label="Double"]
    c21:Out0 -> c22:In0 [label="Double"]
  }
  subgraph cluster_55 {
    margin=8
    fontsize=20
    labeljust=r
    color=DarkGreen
    subgraph clusterc54 { label=""; color=white; margin=0; c54 [label="{{<In0>}|Out}"] }
    subgraph cluster_52 {
      margin=8
      fontsize=20
      labeljust=r
      color=DarkGreen
      c50 [label="{1.0|{<Out0>}}"]
      c51 [label="{{<In0>}|Out}"]
      c50:Out0 -> c51:In0 [label="Double"]
    }
    subgraph clusterc53 { label=""; color=white; margin=0; c53 [label="{{<In0>}|tabulate|{<Out0>}}"] }
    c53:Out0 -> c54:In0 [label="Double"]
    c51 -> c53:In0 [ltail=cluster_52,label="() ’ Double"]
  }
  subgraph clusterc56 { label=""; color=white; margin=0; c56 [label="{{<In0>}|tabulate|{<Out0>}}"] }
  subgraph clusterc57 { label=""; color=white; margin=0; c57 [label="{{<In0>}|point|{<Out0>}}"] }
  subgraph clusterc58 { label=""; color=white; margin=0; c58 [label="{{<In0>|<In1>}|zip|{<Out0>|<Out1>}}"] }
  subgraph cluster_62 {
    margin=8
    fontsize=20
    labeljust=r
    color=DarkGreen
    c59 [label="{In|{<Out0>|<Out1>}}"]
    c61 [label="{{<In0>}|Out}"]
    c60 [label="{{<In0>|<In1>}|apply|{<Out0>}}"]
    c60:Out0 -> c61:In0 [label="Double"]
    c59:Out0 -> c60:In0 [label="Double ’ Double"]
    c59:Out1 -> c60:In1 [label="Double"]
  }
  subgraph clusterc63 { label=""; color=white; margin=0; c63 [label="{{<In0>|<In1>|<In2>}|fmap|{<Out0>}}"] }
  subgraph clusterc64 { label=""; color=white; margin=0; c64 [label="{{<In0>}|distribute|{<Out0>}}"] }
  subgraph clusterc65 { label=""; color=white; margin=0; c65 [label="{{<In0>|<In1>}|Out}"] }
  c0:Out0 -> c14:In0 [label="Double"]
  c0:Out0 -> c15:In0 [label="Double"]
  c54 -> c56:In0 [ltail=cluster_55,label="() ’ Double"]
  c23 -> c57:In0 [ltail=cluster_24,label="Double ’ Double"]
  c57:Out0 -> c58:In0 [label="Double ’ Double"]
  c56:Out0 -> c58:In1 [label="Double"]
  c61 -> c63:In0 [ltail=cluster_62,label="(Double ’ Double) × Double ’ Double"]
  c58:Out0 -> c63:In1 [label="Double ’ Double"]
  c58:Out1 -> c63:In2 [label="Double"]
  c63:Out0 -> c64:In0 [label="Double"]
  c14:Out0 -> c65:In0 [label="Double"]
  c64:Out0 -> c65:In1 [label="Double"]
}
