digraph cosSinProd_adf {
  margin=0
  compound=true
  rankdir=LR
  node [shape=Mrecord]
  edge [fontsize=8,fontcolor=indigo]
  bgcolor=transparent
  nslimit=20
  subgraph clusterc0 { label=""; color=white; margin=0; c0 [label="{In|{<Out0>|<Out1>}}"] }
  subgraph clusterc1 { label=""; color=white; margin=0; c1 [label="{{<In0>|<In1>}|\×|{<Out0>}}"] }
  subgraph clusterc199 { label=""; color=white; margin=0; c199 [label="{{<In0>}|sin|{<Out0>}}"] }
  subgraph clusterc274 { label=""; color=white; margin=0; c274 [label="{{<In0>}|cos|{<Out0>}}"] }
  subgraph cluster_343 {
    margin=8
    fontsize=20
    labeljust=r
    color=DarkGreen
    c337 [label="{{<In0>|<In1>}|\×|{<Out0>}}"]
    c336 [label="{{<In0>|<In1>}|\×|{<Out0>}}"]
    c339 [label="{{<In0>|<In1>}|\×|{<Out0>}}"]
    c341 [label="{{<In0>|<In1>}|\×|{<Out0>}}"]
    c335 [label="{In|{<Out0>|<Out1>}}"]
    c342 [label="{{<In0>|<In1>}|Out}"]
    c338 [label="{{<In0>|<In1>}|jamP|{<Out0>}}"]
    c340 [label="{{<In0>}|negate|{<Out0>}}"]
    c0:Out0 -> c337:In0 []
    c335:Out1 -> c337:In1 []
    c0:Out1 -> c336:In0 []
    c335:Out0 -> c336:In1 []
    c199:Out0 -> c339:In0 []
    c338:Out0 -> c339:In1 []
    c274:Out0 -> c341:In0 []
    c338:Out0 -> c341:In1 []
    c340:Out0 -> c342:In0 []
    c341:Out0 -> c342:In1 []
    c336:Out0 -> c338:In0 []
    c337:Out0 -> c338:In1 []
    c339:Out0 -> c340:In0 []
  }
  subgraph clusterc344 { label=""; color=white; margin=0; c344 [label="{{<In0>|<In1>|<In2>}|Out}"] }
  c0:Out0 -> c1:In0 []
  c0:Out1 -> c1:In1 []
  c1:Out0 -> c199:In0 []
  c1:Out0 -> c274:In0 []
  c274:Out0 -> c344:In0 []
  c199:Out0 -> c344:In1 []
  c342 -> c344:In2 [ltail=cluster_343]
}
