(exl . id &&&
 apply . (id &&& const 1.0 &&& const 0.0) . repr . exr . id &&&
 apply . (id &&& const 0.0 &&& const 1.0) . repr . exr . id) .
((id &&& id) &&& repr . abst . abst . curry (jamP . exr))