apply .
(id &&& const 1.0) .
repr .
exr .
second repr .
apply .
(curry
 (apply .
  (curry
   (apply .
    (curry
     (exl . exr &&&
      apply .
      (curry
       (abst .
        apply .
        (curry (abst . apply . (exl &&& repr . exr)) .
         curry (curry (apply . (exl . exl &&& apply . (exr . exl &&& exr)))) .
         repr . repr . exr &&&
         repr . exl)) .
       exr . exr &&&
       abst .
       apply .
       (curry (abst . apply . (exl &&& repr . exr)) .
        curry (curry (apply . (exl . exl &&& apply . (exr . exl &&& exr)))) .
        repr . repr &&&
        abst .
        curry (jamP . apply) .
        curry (exl . exr &&& apply . (exl &&& exr . exr)) .
        repr . abst . curry exr) .
       abst .
       apply .
       (curry (abst . apply . (exl &&& repr . exr)) .
        curry (curry (apply . (exl . exl &&& apply . (exr . exl &&& exr)))) .
        repr . repr &&&
        abst . curry ((id &&& id) . exr)) .
       abst .
       abst .
       curry (jamP . apply) .
       curry
       ((const 0.0 &&& const 0.0) . const () &&& apply . (exl &&& exr . exr)) .
       repr .
       repr .
       abst .
       apply .
       (curry (abst . apply . (exl &&& repr . exr)) .
        curry (curry (apply . (exl . exl &&& apply . (exr . exl &&& exr)))) .
        repr . repr &&&
        abst . curry (mulC . (const -1.0 &&& id) . exr)) .
       abst .
       apply .
       (curry (abst . apply . (exl &&& repr . exr)) .
        curry (curry (apply . (exl . exl &&& apply . (exr . exl &&& exr)))) .
        repr . repr &&&
        abst . curry ((id &&& id) . exr)) .
       apply .
       (curry (abst . apply . (exl &&& repr . exr)) .
        curry
        (abst .
         curry (jamP . apply) .
         apply .
         (curry
          (curry
           (apply . (exl . exl &&& exl . exr) &&&
            apply . (exr . exl &&& exr . exr))) .
          repr . exl &&&
          repr . exr)) .
        repr .
        apply .
        (curry
         (abst .
          apply .
          (curry (abst . apply . (exl &&& repr . exr)) .
           curry (curry (apply . (exl . exl &&& apply . (exr . exl &&& exr)))) .
           repr . repr . exr &&&
           repr . exl)) .
         exr . exr . exl . exl &&&
         abst .
         abst .
         curry (jamP . apply) .
         curry (inlP . exl . exr &&& apply . (exl &&& exr . exr)) .
         repr .
         repr .
         abst .
         abst .
         curry ((const 0.0 &&& const 0.0) . apply) .
         repr . abst . curry (const ()) . const 0.0) &&&
        abst . abst . curry (inrP . exr)))) &&&
     (mulC &&&
      apply .
      (curry (abst . apply . (exl &&& repr . exr)) .
       curry (abst . apply . (exl &&& repr . exr)) .
       curry
       (curry (apply . (exl . exl &&& exr) &&& apply . (exr . exl &&& exr))) .
       repr . repr . abst . abst . curry mulC . exr &&&
       abst . abst . curry mulC . exl)) .
     (exr &&& exr))) &&&
   addC .
   (apply . (curry exl . exr . exl . exl &&& exr . exl) &&&
    negate . addC . (exl . exr &&& exr . exr . exl)))) &&&
 (mulC &&&
  apply .
  (curry (abst . apply . (exl &&& repr . exr)) .
   curry (abst . apply . (exl &&& repr . exr)) .
   curry (curry (apply . (exl . exl &&& exr) &&& apply . (exr . exl &&& exr))) .
   repr . repr . abst . abst . curry mulC . exr &&&
   abst . abst . curry mulC . exl)) .
 (exl . exr &&& apply . (curry exl . exl . exl &&& exr)))