(exl . id &&& apply . (id &&& const 1.0) . repr . exr . id) .
(exl &&& repr . abst . abst . curry (inlP . exr))