curry
(curry
 (apply .
  (apply . (curry (curry addC . apply) . exl . exl &&& exr) &&&
   apply . (exr . exl &&& exr))))