apply .
(curry (distribute . apply) . curry (fmap apply . zipC . first point) &&&
 const
 Vector [Vector [1.0,0.0,0.0,0.0,0.0,0.0,0.0,0.0],Vector [0.0,1.0,0.0,0.0,0.0,0.0,0.0,0.0],Vector [0.0,0.0,1.0,0.0,0.0,0.0,0.0,0.0],Vector [0.0,0.0,0.0,1.0,0.0,0.0,0.0,0.0],Vector [0.0,0.0,0.0,0.0,1.0,0.0,0.0,0.0],Vector [0.0,0.0,0.0,0.0,0.0,1.0,0.0,0.0],Vector [0.0,0.0,0.0,0.0,0.0,0.0,1.0,0.0],Vector [0.0,0.0,0.0,0.0,0.0,0.0,0.0,1.0]])