second (id . repr) .
apply .
(curry
 (ifC . (exr . exl &&& (exr &&& exl) . exr) . (id &&& exl) &&&
  apply .
  (curry (abst . apply . (exl &&& repr . exr)) .
   curry (curry (apply . (exl . exl &&& apply . (exr . exl &&& exr)))) .
   repr .
   abst .
   apply .
   (curry (curry (apply . (exl . exl &&& apply . (exr . exl &&& exr)))) .
    ifC . (exr &&& curry (exl . exr) &&& curry (exr . exr)) &&&
    curry (exr . exr)) &&&
   abst .
   curry (const False &&& apply) .
   repr .
   abst . curry (exr . exr &&& apply) . repr . abst . curry (exl . exr))) &&&
 lessThanOrEqual)