digraph maxC_der {
  margin=0
  compound=true
  rankdir=LR
  node [shape=Mrecord]
  edge [fontsize=8,fontcolor=indigo]
  bgcolor=transparent
  nslimit=20
  subgraph clusterc0 { label=""; color=white; margin=0; c0 [label="{In|{<Out0>|<Out1>}}"] }
  subgraph clusterc1 { label=""; color=white; margin=0; c1 [label="{{<In0>|<In1>}|max|{<Out0>}}"] }
  subgraph clusterc2 { label=""; color=white; margin=0; c2 [label="{{<In0>|<In1>}|\d|{<Out0>}}"] }
  subgraph cluster_12 {
    margin=8
    fontsize=20
    labeljust=r
    color=DarkGreen
    c9 [label="{In|{<Out0>|<Out1>}}"]
    c11 [label="{{<In0>}|Out}"]
    c10 [label="{{<In0>|<In1>|<In2>}|if|{<Out0>}}"]
    c10:Out0 -> c11:In0 []
    c2:Out0 -> c10:In0 []
    c9:Out1 -> c10:In1 []
    c9:Out0 -> c10:In2 []
  }
  subgraph clusterc13 { label=""; color=white; margin=0; c13 [label="{{<In0>|<In1>}|Out}"] }
  c0:Out0 -> c1:In0 []
  c0:Out1 -> c1:In1 []
  c0:Out0 -> c2:In0 []
  c0:Out1 -> c2:In1 []
  c1:Out0 -> c13:In0 []
  c11 -> c13:In1 [ltail=cluster_12]
}
