coerce . coerce . addC . (coerce . exl &&& coerce . exr) . repr