addC . (apply . (id &&& const False) &&& apply . (id &&& const True))