(exl . id &&& repr . exr . id) .
(zipC &&& repr . abst . abst . curry (unzipC . exr))