fmap (apply . (curry mulC . exl &&& exr)) . apply . (curry zipC . exl &&& exr)