curry
(fmap (apply . (curry orC . exl &&& exr)) . apply . (curry zipC . exl &&& exr))