digraph zipWith_vv {
  margin=0
  compound=true
  rankdir=LR
  node [shape=Mrecord]
  edge [fontsize=8,fontcolor=indigo]
  bgcolor=transparent
  nslimit=20
  subgraph clusterc0 { label=""; color=white; margin=0; c0 [label="{In|{<Out0>|<Out1>}}"] }
  subgraph clusterc5 { label=""; color=white; margin=0; c5 [label="{{<In0>|<In1>}|zip|{<Out0>}}"] }
  subgraph cluster_13 {
    margin=8
    fontsize=20
    labeljust=r
    color=DarkGreen
    c11 [label="{{<In0>|<In1>}|\×|{<Out0>}}"]
    c6 [label="{In|{<Out0>|<Out1>}}"]
    c12 [label="{{<In0>}|Out}"]
    c6:Out0 -> c11:In0 []
    c6:Out1 -> c11:In1 []
    c11:Out0 -> c12:In0 []
  }
  subgraph clusterc14 { label=""; color=white; margin=0; c14 [label="{{<In0>|<In1>}|fmap|{<Out0>}}"] }
  subgraph clusterc15 { label=""; color=white; margin=0; c15 [label="{{<In0>}|Out}"] }
  c0:Out0 -> c5:In0 []
  c0:Out1 -> c5:In1 []
  c12 -> c14:In0 [ltail=cluster_13]
  c5:Out0 -> c14:In1 []
  c14:Out0 -> c15:In0 []
}
